Archive member included to satisfy reference by file (symbol)

D:/STM32CubeIDE_1.15.1/STM32CubeIDE/plugins/com.st.stm32cube.ide.mcu.externaltools.gnu-tools-for-stm32.12.3.rel1.win32_1.0.100.202403111256/tools/bin/../lib/gcc/arm-none-eabi/12.3.1/../../../../arm-none-eabi/lib/thumb/v7e-m/nofp\libc_nano.a(libc_a-exit.o)
                              D:/STM32CubeIDE_1.15.1/STM32CubeIDE/plugins/com.st.stm32cube.ide.mcu.externaltools.gnu-tools-for-stm32.12.3.rel1.win32_1.0.100.202403111256/tools/bin/../lib/gcc/arm-none-eabi/12.3.1/../../../../arm-none-eabi/lib/thumb/v7e-m/nofp/crt0.o (exit)
D:/STM32CubeIDE_1.15.1/STM32CubeIDE/plugins/com.st.stm32cube.ide.mcu.externaltools.gnu-tools-for-stm32.12.3.rel1.win32_1.0.100.202403111256/tools/bin/../lib/gcc/arm-none-eabi/12.3.1/../../../../arm-none-eabi/lib/thumb/v7e-m/nofp\libc_nano.a(libc_a-findfp.o)
                              D:/STM32CubeIDE_1.15.1/STM32CubeIDE/plugins/com.st.stm32cube.ide.mcu.externaltools.gnu-tools-for-stm32.12.3.rel1.win32_1.0.100.202403111256/tools/bin/../lib/gcc/arm-none-eabi/12.3.1/../../../../arm-none-eabi/lib/thumb/v7e-m/nofp\libc_nano.a(libc_a-exit.o) (__stdio_exit_handler)
D:/STM32CubeIDE_1.15.1/STM32CubeIDE/plugins/com.st.stm32cube.ide.mcu.externaltools.gnu-tools-for-stm32.12.3.rel1.win32_1.0.100.202403111256/tools/bin/../lib/gcc/arm-none-eabi/12.3.1/../../../../arm-none-eabi/lib/thumb/v7e-m/nofp\libc_nano.a(libc_a-fwalk.o)
                              D:/STM32CubeIDE_1.15.1/STM32CubeIDE/plugins/com.st.stm32cube.ide.mcu.externaltools.gnu-tools-for-stm32.12.3.rel1.win32_1.0.100.202403111256/tools/bin/../lib/gcc/arm-none-eabi/12.3.1/../../../../arm-none-eabi/lib/thumb/v7e-m/nofp\libc_nano.a(libc_a-findfp.o) (_fwalk_sglue)
D:/STM32CubeIDE_1.15.1/STM32CubeIDE/plugins/com.st.stm32cube.ide.mcu.externaltools.gnu-tools-for-stm32.12.3.rel1.win32_1.0.100.202403111256/tools/bin/../lib/gcc/arm-none-eabi/12.3.1/../../../../arm-none-eabi/lib/thumb/v7e-m/nofp\libc_nano.a(libc_a-stdio.o)
                              D:/STM32CubeIDE_1.15.1/STM32CubeIDE/plugins/com.st.stm32cube.ide.mcu.externaltools.gnu-tools-for-stm32.12.3.rel1.win32_1.0.100.202403111256/tools/bin/../lib/gcc/arm-none-eabi/12.3.1/../../../../arm-none-eabi/lib/thumb/v7e-m/nofp\libc_nano.a(libc_a-findfp.o) (__sread)
D:/STM32CubeIDE_1.15.1/STM32CubeIDE/plugins/com.st.stm32cube.ide.mcu.externaltools.gnu-tools-for-stm32.12.3.rel1.win32_1.0.100.202403111256/tools/bin/../lib/gcc/arm-none-eabi/12.3.1/../../../../arm-none-eabi/lib/thumb/v7e-m/nofp\libc_nano.a(libc_a-memset.o)
                              D:/STM32CubeIDE_1.15.1/STM32CubeIDE/plugins/com.st.stm32cube.ide.mcu.externaltools.gnu-tools-for-stm32.12.3.rel1.win32_1.0.100.202403111256/tools/bin/../lib/gcc/arm-none-eabi/12.3.1/../../../../arm-none-eabi/lib/thumb/v7e-m/nofp/crt0.o (memset)
D:/STM32CubeIDE_1.15.1/STM32CubeIDE/plugins/com.st.stm32cube.ide.mcu.externaltools.gnu-tools-for-stm32.12.3.rel1.win32_1.0.100.202403111256/tools/bin/../lib/gcc/arm-none-eabi/12.3.1/../../../../arm-none-eabi/lib/thumb/v7e-m/nofp\libc_nano.a(libc_a-closer.o)
                              D:/STM32CubeIDE_1.15.1/STM32CubeIDE/plugins/com.st.stm32cube.ide.mcu.externaltools.gnu-tools-for-stm32.12.3.rel1.win32_1.0.100.202403111256/tools/bin/../lib/gcc/arm-none-eabi/12.3.1/../../../../arm-none-eabi/lib/thumb/v7e-m/nofp\libc_nano.a(libc_a-stdio.o) (_close_r)
D:/STM32CubeIDE_1.15.1/STM32CubeIDE/plugins/com.st.stm32cube.ide.mcu.externaltools.gnu-tools-for-stm32.12.3.rel1.win32_1.0.100.202403111256/tools/bin/../lib/gcc/arm-none-eabi/12.3.1/../../../../arm-none-eabi/lib/thumb/v7e-m/nofp\libc_nano.a(libc_a-reent.o)
                              D:/STM32CubeIDE_1.15.1/STM32CubeIDE/plugins/com.st.stm32cube.ide.mcu.externaltools.gnu-tools-for-stm32.12.3.rel1.win32_1.0.100.202403111256/tools/bin/../lib/gcc/arm-none-eabi/12.3.1/../../../../arm-none-eabi/lib/thumb/v7e-m/nofp\libc_nano.a(libc_a-closer.o) (errno)
D:/STM32CubeIDE_1.15.1/STM32CubeIDE/plugins/com.st.stm32cube.ide.mcu.externaltools.gnu-tools-for-stm32.12.3.rel1.win32_1.0.100.202403111256/tools/bin/../lib/gcc/arm-none-eabi/12.3.1/../../../../arm-none-eabi/lib/thumb/v7e-m/nofp\libc_nano.a(libc_a-impure.o)
                              D:/STM32CubeIDE_1.15.1/STM32CubeIDE/plugins/com.st.stm32cube.ide.mcu.externaltools.gnu-tools-for-stm32.12.3.rel1.win32_1.0.100.202403111256/tools/bin/../lib/gcc/arm-none-eabi/12.3.1/../../../../arm-none-eabi/lib/thumb/v7e-m/nofp\libc_nano.a(libc_a-reent.o) (_impure_ptr)
D:/STM32CubeIDE_1.15.1/STM32CubeIDE/plugins/com.st.stm32cube.ide.mcu.externaltools.gnu-tools-for-stm32.12.3.rel1.win32_1.0.100.202403111256/tools/bin/../lib/gcc/arm-none-eabi/12.3.1/../../../../arm-none-eabi/lib/thumb/v7e-m/nofp\libc_nano.a(libc_a-lseekr.o)
[...]
Memory Configuration

Name             Origin             Length             Attributes
RAM              0x20000000         0x00020000         xrw
FLASH            0x08000000         0x00080000         xr
*default*        0x00000000         0xffffffff

Linker script and memory map

LOAD D:/STM32CubeIDE_1.15.1/STM32CubeIDE/plugins/com.st.stm32cube.ide.mcu.externaltools.gnu-tools-for-stm32.12.3.rel1.win32_1.0.100.202403111256/tools/bin/../lib/gcc/arm-none-eabi/12.3.1/thumb/v7e-m/nofp/crti.o
LOAD D:/STM32CubeIDE_1.15.1/STM32CubeIDE/plugins/com.st.stm32cube.ide.mcu.externaltools.gnu-tools-for-stm32.12.3.rel1.win32_1.0.100.202403111256/tools/bin/../lib/gcc/arm-none-eabi/12.3.1/thumb/v7e-m/nofp/crtbegin.o
LOAD D:/STM32CubeIDE_1.15.1/STM32CubeIDE/plugins/com.st.stm32cube.ide.mcu.externaltools.gnu-tools-for-stm32.12.3.rel1.win32_1.0.100.202403111256/tools/bin/../lib/gcc/arm-none-eabi/12.3.1/../../../../arm-none-eabi/lib/thumb/v7e-m/nofp/crt0.o
LOAD ./Src/main.o
LOAD ./Src/syscalls.o
LOAD ./Src/sysmem.o
LOAD ./Startup/startup_stm32f446retx.o
START GROUP
LOAD D:/STM32CubeIDE_1.15.1/STM32CubeIDE/plugins/com.st.stm32cube.ide.mcu.externaltools.gnu-tools-for-stm32.12.3.rel1.win32_1.0.100.202403111256/tools/bin/../lib/gcc/arm-none-eabi/12.3.1/../../../../arm-none-eabi/lib/thumb/v7e-m/nofp\libc_nano.a
LOAD D:/STM32CubeIDE_1.15.1/STM32CubeIDE/plugins/com.st.stm32cube.ide.mcu.externaltools.gnu-tools-for-stm32.12.3.rel1.win32_1.0.100.202403111256/tools/bin/../lib/gcc/arm-none-eabi/12.3.1/../../../../arm-none-eabi/lib/thumb/v7e-m/nofp\libm.a
END GROUP
START GROUP
LOAD D:/STM32CubeIDE_1.15.1/STM32CubeIDE/plugins/com.st.stm32cube.ide.mcu.externaltools.gnu-tools-for-stm32.12.3.rel1.win32_1.0.100.202403111256/tools/bin/../lib/gcc/arm-none-eabi/12.3.1/thumb/v7e-m/nofp\libgcc.a
LOAD D:/STM32CubeIDE_1.15.1/STM32CubeIDE/plugins/com.st.stm32cube.ide.mcu.externaltools.gnu-tools-for-stm32.12.3.rel1.win32_1.0.100.202403111256/tools/bin/../lib/gcc/arm-none-eabi/12.3.1/../../../../arm-none-eabi/lib/thumb/v7e-m/nofp\libc_nano.a
END GROUP
START GROUP
LOAD D:/STM32CubeIDE_1.15.1/STM32CubeIDE/plugins/com.st.stm32cube.ide.mcu.externaltools.gnu-tools-for-stm32.12.3.rel1.win32_1.0.100.202403111256/tools/bin/../lib/gcc/arm-none-eabi/12.3.1/thumb/v7e-m/nofp\libgcc.a
LOAD D:/STM32CubeIDE_1.15.1/STM32CubeIDE/plugins/com.st.stm32cube.ide.mcu.externaltools.gnu-tools-for-stm32.12.3.rel1.win32_1.0.100.202403111256/tools/bin/../lib/gcc/arm-none-eabi/12.3.1/../../../../arm-none-eabi/lib/thumb/v7e-m/nofp\libc_nano.a
LOAD D:/STM32CubeIDE_1.15.1/STM32CubeIDE/plugins/com.st.stm32cube.ide.mcu.externaltools.gnu-tools-for-stm32.12.3.rel1.win32_1.0.100.202403111256/tools/bin/../lib/gcc/arm-none-eabi/12.3.1/../../../../arm-none-eabi/lib/thumb/v7e-m/nofp\libnosys.a
END GROUP
START GROUP
LOAD D:/STM32CubeIDE_1.15.1/STM32CubeIDE/plugins/com.st.stm32cube.ide.mcu.externaltools.gnu-tools-for-stm32.12.3.rel1.win32_1.0.100.202403111256/tools/bin/../lib/gcc/arm-none-eabi/12.3.1/thumb/v7e-m/nofp\libgcc.a
LOAD D:/STM32CubeIDE_1.15.1/STM32CubeIDE/plugins/com.st.stm32cube.ide.mcu.externaltools.gnu-tools-for-stm32.12.3.rel1.win32_1.0.100.202403111256/tools/bin/../lib/gcc/arm-none-eabi/12.3.1/../../../../arm-none-eabi/lib/thumb/v7e-m/nofp\libc_nano.a
LOAD D:/STM32CubeIDE_1.15.1/STM32CubeIDE/plugins/com.st.stm32cube.ide.mcu.externaltools.gnu-tools-for-stm32.12.3.rel1.win32_1.0.100.202403111256/tools/bin/../lib/gcc/arm-none-eabi/12.3.1/../../../../arm-none-eabi/lib/thumb/v7e-m/nofp\libnosys.a
END GROUP
LOAD D:/STM32CubeIDE_1.15.1/STM32CubeIDE/plugins/com.st.stm32cube.ide.mcu.externaltools.gnu-tools-for-stm32.12.3.rel1.win32_1.0.100.202403111256/tools/bin/../lib/gcc/arm-none-eabi/12.3.1/thumb/v7e-m/nofp/crtend.o
LOAD D:/STM32CubeIDE_1.15.1/STM32CubeIDE/plugins/com.st.stm32cube.ide.mcu.externaltools.gnu-tools-for-stm32.12.3.rel1.win32_1.0.100.202403111256/tools/bin/../lib/gcc/arm-none-eabi/12.3.1/thumb/v7e-m/nofp/crtn.o
                0x20020000                        _estack = (ORIGIN (RAM) + LENGTH (RAM))
                0x00000200                        _Min_Heap_Size = 0x200
                0x00000400                        _Min_Stack_Size = 0x400

.isr_vector     0x08000000      0x1c4
                0x08000000                        . = ALIGN (0x4)
 *(.isr_vector)
 .isr_vector    0x08000000      0x1c4 ./Startup/startup_stm32f446retx.o
                0x08000000                g_pfnVectors
                0x080001c4                        . = ALIGN (0x4)

.text           0x080001c8     0x1f10
                0x080001c8                        . = ALIGN (0x4)
 *(.text)
 .text          0x080001c8       0x40 D:/STM32CubeIDE_1.15.1/STM32CubeIDE/plugins/com.st.stm32cube.ide.mcu.externaltools.gnu-tools-for-stm32.12.3.rel1.win32_1.0.100.202403111256/tools/bin/../lib/gcc/arm-none-eabi/12.3.1/thumb/v7e-m/nofp/crtbegin.o
 .text          0x08000208      0x254 D:/STM32CubeIDE_1.15.1/STM32CubeIDE/plugins/com.st.stm32cube.ide.mcu.externaltools.gnu-tools-for-stm32.12.3.rel1.win32_1.0.100.202403111256/tools/bin/../lib/gcc/arm-none-eabi/12.3.1/thumb/v7e-m/nofp\libgcc.a(_arm_muldf3.o)
                0x08000208                __muldf3
                0x08000208                __aeabi_dmul
 .text          0x0800045c      0x378 D:/STM32CubeIDE_1.15.1/STM32CubeIDE/plugins/com.st.stm32cube.ide.mcu.externaltools.gnu-tools-for-stm32.12.3.rel1.win32_1.0.100.202403111256/tools/bin/../lib/gcc/arm-none-eabi/12.3.1/thumb/v7e-m/nofp\libgcc.a(_arm_addsubdf3.o)
                0x0800045c                __aeabi_drsub
                0x08000464                __aeabi_dsub
                0x08000464                __subdf3
                0x08000468                __aeabi_dadd
                0x08000468                __adddf3
                0x080006e0                __floatunsidf
                0x080006e0                __aeabi_ui2d
                0x08000700                __floatsidf
                0x08000700                __aeabi_i2d
                0x08000724                __aeabi_f2d
                0x08000724                __extendsfdf2
                0x08000768                __floatundidf
                0x08000768                __aeabi_ul2d
                0x08000778                __floatdidf
                0x08000778                __aeabi_l2d
 .text          0x080007d4      0x110 D:/STM32CubeIDE_1.15.1/STM32CubeIDE/plugins/com.st.stm32cube.ide.mcu.externaltools.gnu-tools-for-stm32.12.3.rel1.win32_1.0.100.202403111256/tools/bin/../lib/gcc/arm-none-eabi/12.3.1/thumb/v7e-m/nofp\libgcc.a(_arm_cmpdf2.o)
                0x080007d4                __gtdf2
                0x080007d4                __gedf2
                0x080007dc                __ltdf2
                0x080007dc                __ledf2
                0x080007e4                __nedf2
                0x080007e4                __eqdf2
                0x080007e4                __cmpdf2
                0x08000860                __aeabi_cdrcmple
                0x08000870                __aeabi_cdcmpeq
                0x08000870                __aeabi_cdcmple
                0x08000880                __aeabi_dcmpeq
                0x08000894                __aeabi_dcmplt
                0x080008a8                __aeabi_dcmple
                0x080008bc                __aeabi_dcmpge
                0x080008d0                __aeabi_dcmpgt
 .text          0x080008e4       0x50 D:/STM32CubeIDE_1.15.1/STM32CubeIDE/plugins/com.st.stm32cube.ide.mcu.externaltools.gnu-tools-for-stm32.12.3.rel1.win32_1.0.100.202403111256/tools/bin/../lib/gcc/arm-none-eabi/12.3.1/thumb/v7e-m/nofp\libgcc.a(_arm_fixdfsi.o)
                0x080008e4                __aeabi_d2iz
                0x080008e4                __fixdfsi
 .text          0x08000934       0x40 D:/STM32CubeIDE_1.15.1/STM32CubeIDE/plugins/com.st.stm32cube.ide.mcu.externaltools.gnu-tools-for-stm32.12.3.rel1.win32_1.0.100.202403111256/tools/bin/../lib/gcc/arm-none-eabi/12.3.1/thumb/v7e-m/nofp\libgcc.a(_arm_fixunsdfsi.o)
                0x08000934                __aeabi_d2uiz
                0x08000934                __fixunsdfsi
 .text          0x08000974       0xa0 D:/STM32CubeIDE_1.15.1/STM32CubeIDE/plugins/com.st.stm32cube.ide.mcu.externaltools.gnu-tools-for-stm32.12.3.rel1.win32_1.0.100.202403111256/tools/bin/../lib/gcc/arm-none-eabi/12.3.1/thumb/v7e-m/nofp\libgcc.a(_arm_truncdfsf2.o)
                0x08000974                __truncdfsf2
                0x08000974                __aeabi_d2f
 *(.text*)
 .text.__NVIC_EnableIRQ
                0x08000a14       0x38 ./Src/main.o
 .text.EXTI15_10_IRQHandler
                0x08000a4c       0x74 ./Src/main.o
                0x08000a4c                EXTI15_10_IRQHandler
 .text.EXTI0_IRQHandler
                0x08000ac0       0x84 ./Src/main.o
                0x08000ac0                EXTI0_IRQHandler
 .text.init_button
                0x08000b44       0x74 ./Src/main.o
                0x08000b44                init_button
 .text.init_frequency_button
                0x08000bb8       0x70 ./Src/main.o
                0x08000bb8                init_frequency_button
 .text.init_led
                0x08000c28       0x38 ./Src/main.o
                0x08000c28                init_led
 .text.delay    0x08000c60       0x20 ./Src/main.o
                0x08000c60                delay
 .text.main     0x08000c80      0x100 ./Src/main.o
                0x08000c80                main
 .text.generate_sine_wave
                0x08000d80       0xe0 ./Src/main.o
                0x08000d80                generate_sine_wave
 .text.generate_square_wave
                0x08000e60       0x5c ./Src/main.o
                0x08000e60                generate_square_wave
 .text.generate_triangle_wave
                0x08000ebc       0x70 ./Src/main.o
                0x08000ebc                generate_triangle_wave
 .text.generate_rising_sawtooth
                0x08000f2c       0x54 ./Src/main.o
                0x08000f2c                generate_rising_sawtooth
 .text.generate_falling_sawtooth
                0x08000f80       0x54 ./Src/main.o
                0x08000f80                generate_falling_sawtooth
 .text.generate_rising_ramp
                0x08000fd4       0x54 ./Src/main.o
                0x08000fd4                generate_rising_ramp
 .text.generate_falling_ramp
                0x08001028       0x50 ./Src/main.o
                0x08001028                generate_falling_ramp
 .text.Reset_Handler
                0x08001078       0x50 ./Startup/startup_stm32f446retx.o
                0x08001078                Reset_Handler
 .text.Default_Handler
                0x080010c8        0x2 ./Startup/startup_stm32f446retx.o
                0x080010c8                RTC_Alarm_IRQHandler
                0x080010c8                EXTI2_IRQHandler
                0x080010c8                TIM8_CC_IRQHandler
                0x080010c8                SPDIF_Rx_IRQHandler
                0x080010c8                DebugMon_Handler
                0x080010c8                SPI4_IRQHandler
                0x080010c8                TIM1_CC_IRQHandler
                0x080010c8                QuadSPI_IRQHandler
                0x080010c8                DMA2_Stream5_IRQHandler
                0x080010c8                HardFault_Handler
                0x080010c8                DMA1_Stream5_IRQHandler
                0x080010c8                SysTick_Handler
                0x080010c8                PVD_IRQHandler
                0x080010c8                SDIO_IRQHandler
                0x080010c8                TAMP_STAMP_IRQHandler
                0x080010c8                PendSV_Handler
                0x080010c8                NMI_Handler
                0x080010c8                CAN2_RX1_IRQHandler
                0x080010c8                EXTI3_IRQHandler
                0x080010c8                TIM8_TRG_COM_TIM14_IRQHandler
                0x080010c8                TIM1_UP_TIM10_IRQHandler
                0x080010c8                FMPI2C1_error_IRQHandler
                0x080010c8                TIM8_UP_TIM13_IRQHandler
                0x080010c8                I2C3_ER_IRQHandler
                0x080010c8                I2C2_EV_IRQHandler
                0x080010c8                DMA1_Stream2_IRQHandler
                0x080010c8                CAN1_RX0_IRQHandler
                0x080010c8                OTG_HS_WKUP_IRQHandler
                0x080010c8                UsageFault_Handler
                0x080010c8                CAN2_SCE_IRQHandler
                0x080010c8                DMA2_Stream2_IRQHandler
                0x080010c8                SPI1_IRQHandler
                0x080010c8                TIM6_DAC_IRQHandler
                0x080010c8                TIM1_BRK_TIM9_IRQHandler
                0x080010c8                DCMI_IRQHandler
                0x080010c8                CAN2_RX0_IRQHandler
                0x080010c8                DMA2_Stream3_IRQHandler
                0x080010c8                FMPI2C1_IRQHandler
                0x080010c8                SAI2_IRQHandler
                0x080010c8                USART6_IRQHandler
                0x080010c8                USART3_IRQHandler
                0x080010c8                CAN1_RX1_IRQHandler
                0x080010c8                UART5_IRQHandler
                0x080010c8                DMA2_Stream0_IRQHandler
                0x080010c8                TIM4_IRQHandler
                0x080010c8                I2C1_EV_IRQHandler
                0x080010c8                HDMI_CEC_IRQHandler
                0x080010c8                DMA1_Stream6_IRQHandler
                0x080010c8                DMA1_Stream1_IRQHandler
                0x080010c8                UART4_IRQHandler
                0x080010c8                TIM3_IRQHandler
                0x080010c8                RCC_IRQHandler
                0x080010c8                TIM8_BRK_TIM12_IRQHandler
                0x080010c8                Default_Handler
                0x080010c8                ADC_IRQHandler
                0x080010c8                DMA1_Stream7_IRQHandler
                0x080010c8                TIM7_IRQHandler
                0x080010c8                CAN2_TX_IRQHandler
                0x080010c8                TIM5_IRQHandler
                0x080010c8                DMA2_Stream7_IRQHandler
                0x080010c8                I2C3_EV_IRQHandler
                0x080010c8                EXTI9_5_IRQHandler
                0x080010c8                RTC_WKUP_IRQHandler
                0x080010c8                SPI2_IRQHandler
                0x080010c8                OTG_HS_EP1_IN_IRQHandler
                0x080010c8                MemManage_Handler
                0x080010c8                DMA1_Stream0_IRQHandler
                0x080010c8                CAN1_TX_IRQHandler
                0x080010c8                SVC_Handler
                0x080010c8                EXTI4_IRQHandler
                0x080010c8                OTG_HS_EP1_OUT_IRQHandler
                0x080010c8                WWDG_IRQHandler
                0x080010c8                TIM2_IRQHandler
                0x080010c8                OTG_FS_WKUP_IRQHandler
                0x080010c8                TIM1_TRG_COM_TIM11_IRQHandler
                0x080010c8                OTG_HS_IRQHandler
                0x080010c8                EXTI1_IRQHandler
                0x080010c8                USART2_IRQHandler
                0x080010c8                I2C2_ER_IRQHandler
                0x080010c8                DMA2_Stream1_IRQHandler
                0x080010c8                CAN1_SCE_IRQHandler
                0x080010c8                FLASH_IRQHandler
                0x080010c8                DMA2_Stream4_IRQHandler
                0x080010c8                BusFault_Handler
                0x080010c8                USART1_IRQHandler
                0x080010c8                OTG_FS_IRQHandler
                0x080010c8                SPI3_IRQHandler
                0x080010c8                DMA1_Stream4_IRQHandler
                0x080010c8                I2C1_ER_IRQHandler
                0x080010c8                FMC_IRQHandler
                0x080010c8                DMA2_Stream6_IRQHandler
                0x080010c8                SAI1_IRQHandler
                0x080010c8                DMA1_Stream3_IRQHandler
 *fill*         0x080010ca        0x2 
 .text.__libc_init_array
                0x080010cc       0x48 D:/STM32CubeIDE_1.15.1/STM32CubeIDE/plugins/com.st.stm32cube.ide.mcu.externaltools.gnu-tools-for-stm32.12.3.rel1.win32_1.0.100.202403111256/tools/bin/../lib/gcc/arm-none-eabi/12.3.1/../../../../arm-none-eabi/lib/thumb/v7e-m/nofp\libc_nano.a(libc_a-init.o)
                0x080010cc                __libc_init_array
 .text.sin      0x08001114       0x8c D:/STM32CubeIDE_1.15.1/STM32CubeIDE/plugins/com.st.stm32cube.ide.mcu.externaltools.gnu-tools-for-stm32.12.3.rel1.win32_1.0.100.202403111256/tools/bin/../lib/gcc/arm-none-eabi/12.3.1/../../../../arm-none-eabi/lib/thumb/v7e-m/nofp\libm.a(libm_a-s_sin.o)
                0x08001114                sin
 .text.__kernel_cos
                0x080011a0      0x17c D:/STM32CubeIDE_1.15.1/STM32CubeIDE/plugins/com.st.stm32cube.ide.mcu.externaltools.gnu-tools-for-stm32.12.3.rel1.win32_1.0.100.202403111256/tools/bin/../lib/gcc/arm-none-eabi/12.3.1/../../../../arm-none-eabi/lib/thumb/v7e-m/nofp\libm.a(libm_a-k_cos.o)
                0x080011a0                __kernel_cos
 *fill*         0x0800131c        0x4 
 .text.__kernel_sin
                0x08001320      0x16c D:/STM32CubeIDE_1.15.1/STM32CubeIDE/plugins/com.st.stm32cube.ide.mcu.externaltools.gnu-tools-for-stm32.12.3.rel1.win32_1.0.100.202403111256/tools/bin/../lib/gcc/arm-none-eabi/12.3.1/../../../../arm-none-eabi/lib/thumb/v7e-m/nofp\libm.a(libm_a-k_sin.o)
                0x08001320                __kernel_sin
 *fill*         0x0800148c        0x4 
 .text.__ieee754_rem_pio2
                0x08001490      0x3ec D:/STM32CubeIDE_1.15.1/STM32CubeIDE/plugins/com.st.stm32cube.ide.mcu.externaltools.gnu-tools-for-stm32.12.3.rel1.win32_1.0.100.202403111256/tools/bin/../lib/gcc/arm-none-eabi/12.3.1/../../../../arm-none-eabi/lib/thumb/v7e-m/nofp\libm.a(libm_a-e_rem_pio2.o)
                0x08001490                __ieee754_rem_pio2
 .text.fabs     0x0800187c        0x8 D:/STM32CubeIDE_1.15.1/STM32CubeIDE/plugins/com.st.stm32cube.ide.mcu.externaltools.gnu-tools-for-stm32.12.3.rel1.win32_1.0.100.202403111256/tools/bin/../lib/gcc/arm-none-eabi/12.3.1/../../../../arm-none-eabi/lib/thumb/v7e-m/nofp\libm.a(libm_a-s_fabs.o)
                0x0800187c                fabs
 .text.__kernel_rem_pio2
                0x08001884      0x648 D:/STM32CubeIDE_1.15.1/STM32CubeIDE/plugins/com.st.stm32cube.ide.mcu.externaltools.gnu-tools-for-stm32.12.3.rel1.win32_1.0.100.202403111256/tools/bin/../lib/gcc/arm-none-eabi/12.3.1/../../../../arm-none-eabi/lib/thumb/v7e-m/nofp\libm.a(libm_a-k_rem_pio2.o)
                0x08001884                __kernel_rem_pio2
 *fill*         0x08001ecc        0x4 
 .text.scalbn   0x08001ed0       0xec D:/STM32CubeIDE_1.15.1/STM32CubeIDE/plugins/com.st.stm32cube.ide.mcu.externaltools.gnu-tools-for-stm32.12.3.rel1.win32_1.0.100.202403111256/tools/bin/../lib/gcc/arm-none-eabi/12.3.1/../../../../arm-none-eabi/lib/thumb/v7e-m/nofp\libm.a(libm_a-s_scalbn.o)
                0x08001ed0                scalbn
 *fill*         0x08001fbc        0x4 
 .text.floor    0x08001fc0      0x100 D:/STM32CubeIDE_1.15.1/STM32CubeIDE/plugins/com.st.stm32cube.ide.mcu.externaltools.gnu-tools-for-stm32.12.3.rel1.win32_1.0.100.202403111256/tools/bin/../lib/gcc/arm-none-eabi/12.3.1/../../../../arm-none-eabi/lib/thumb/v7e-m/nofp\libm.a(libm_a-s_floor.o)
                0x08001fc0                floor
 *(.glue_7)
 .glue_7        0x080020c0        0x0 linker stubs
 *(.glue_7t)
 .glue_7t       0x080020c0        0x0 linker stubs
 *(.eh_frame)
 .eh_frame      0x080020c0        0x0 D:/STM32CubeIDE_1.15.1/STM32CubeIDE/plugins/com.st.stm32cube.ide.mcu.externaltools.gnu-tools-for-stm32.12.3.rel1.win32_1.0.100.202403111256/tools/bin/../lib/gcc/arm-none-eabi/12.3.1/thumb/v7e-m/nofp/crtbegin.o
 *(.init)
 .init          0x080020c0        0x4 D:/STM32CubeIDE_1.15.1/STM32CubeIDE/plugins/com.st.stm32cube.ide.mcu.externaltools.gnu-tools-for-stm32.12.3.rel1.win32_1.0.100.202403111256/tools/bin/../lib/gcc/arm-none-eabi/12.3.1/thumb/v7e-m/nofp/crti.o
                0x080020c0                _init
 .init          0x080020c4        0x8 D:/STM32CubeIDE_1.15.1/STM32CubeIDE/plugins/com.st.stm32cube.ide.mcu.externaltools.gnu-tools-for-stm32.12.3.rel1.win32_1.0.100.202403111256/tools/bin/../lib/gcc/arm-none-eabi/12.3.1/thumb/v7e-m/nofp/crtn.o
 *(.fini)
 .fini          0x080020cc        0x4 D:/STM32CubeIDE_1.15.1/STM32CubeIDE/plugins/com.st.stm32cube.ide.mcu.externaltools.gnu-tools-for-stm32.12.3.rel1.win32_1.0.100.202403111256/tools/bin/../lib/gcc/arm-none-eabi/12.3.1/thumb/v7e-m/nofp/crti.o
                0x080020cc                _fini
 .fini          0x080020d0        0x8 D:/STM32CubeIDE_1.15.1/STM32CubeIDE/plugins/com.st.stm32cube.ide.mcu.externaltools.gnu-tools-for-stm32.12.3.rel1.win32_1.0.100.202403111256/tools/bin/../lib/gcc/arm-none-eabi/12.3.1/thumb/v7e-m/nofp/crtn.o
                0x080020d8                        . = ALIGN (0x4)
                0x080020d8                        _etext = .

.vfp11_veneer   0x080020d8        0x0
 .vfp11_veneer  0x080020d8        0x0 linker stubs

.v4_bx          0x080020d8        0x0
 .v4_bx         0x080020d8        0x0 linker stubs

.iplt           0x080020d8        0x0
 .iplt          0x080020d8        0x0 D:/STM32CubeIDE_1.15.1/STM32CubeIDE/plugins/com.st.stm32cube.ide.mcu.externaltools.gnu-tools-for-stm32.12.3.rel1.win32_1.0.100.202403111256/tools/bin/../lib/gcc/arm-none-eabi/12.3.1/thumb/v7e-m/nofp/crtbegin.o

.rodata         0x080020d8      0x1d8
                0x080020d8                        . = ALIGN (0x4)
 *(.rodata)
 *(.rodata*)
 .rodata.npio2_hw
                0x080020d8       0x80 D:/STM32CubeIDE_1.15.1/STM32CubeIDE/plugins/com.st.stm32cube.ide.mcu.externaltools.gnu-tools-for-stm32.12.3.rel1.win32_1.0.100.202403111256/tools/bin/../lib/gcc/arm-none-eabi/12.3.1/../../../../arm-none-eabi/lib/thumb/v7e-m/nofp\libm.a(libm_a-e_rem_pio2.o)
 .rodata.two_over_pi
                0x08002158      0x108 D:/STM32CubeIDE_1.15.1/STM32CubeIDE/plugins/com.st.stm32cube.ide.mcu.externaltools.gnu-tools-for-stm32.12.3.rel1.win32_1.0.100.202403111256/tools/bin/../lib/gcc/arm-none-eabi/12.3.1/../../../../arm-none-eabi/lib/thumb/v7e-m/nofp\libm.a(libm_a-e_rem_pio2.o)
 .rodata.PIo2   0x08002260       0x40 D:/STM32CubeIDE_1.15.1/STM32CubeIDE/plugins/com.st.stm32cube.ide.mcu.externaltools.gnu-tools-for-stm32.12.3.rel1.win32_1.0.100.202403111256/tools/bin/../lib/gcc/arm-none-eabi/12.3.1/../../../../arm-none-eabi/lib/thumb/v7e-m/nofp\libm.a(libm_a-k_rem_pio2.o)
 .rodata.init_jk
                0x080022a0       0x10 D:/STM32CubeIDE_1.15.1/STM32CubeIDE/plugins/com.st.stm32cube.ide.mcu.externaltools.gnu-tools-for-stm32.12.3.rel1.win32_1.0.100.202403111256/tools/bin/../lib/gcc/arm-none-eabi/12.3.1/../../../../arm-none-eabi/lib/thumb/v7e-m/nofp\libm.a(libm_a-k_rem_pio2.o)
                0x080022b0                        . = ALIGN (0x4)

.ARM.extab      0x080022b0        0x0
                0x080022b0                        . = ALIGN (0x4)
 *(.ARM.extab* .gnu.linkonce.armextab.*)
                0x080022b0                        . = ALIGN (0x4)

.ARM            0x080022b0        0x0
                0x080022b0                        . = ALIGN (0x4)
                0x080022b0                        __exidx_start = .
 *(.ARM.exidx*)
                0x080022b0                        __exidx_end = .
                0x080022b0                        . = ALIGN (0x4)

.preinit_array  0x080022b0        0x0
                0x080022b0                        . = ALIGN (0x4)
                0x080022b0                        PROVIDE (__preinit_array_start = .)
 *(.preinit_array*)
                0x080022b0                        PROVIDE (__preinit_array_end = .)
                0x080022b0                        . = ALIGN (0x4)

.init_array     0x080022b0        0x4
                0x080022b0                        . = ALIGN (0x4)
                0x080022b0                        PROVIDE (__init_array_start = .)
 *(SORT_BY_NAME(.init_array.*))
 *(.init_array*)
 .init_array    0x080022b0        0x4 D:/STM32CubeIDE_1.15.1/STM32CubeIDE/plugins/com.st.stm32cube.ide.mcu.externaltools.gnu-tools-for-stm32.12.3.rel1.win32_1.0.100.202403111256/tools/bin/../lib/gcc/arm-none-eabi/12.3.1/thumb/v7e-m/nofp/crtbegin.o
                0x080022b4                        PROVIDE (__init_array_end = .)
                0x080022b4                        . = ALIGN (0x4)

.fini_array     0x080022b4        0x4
                0x080022b4                        . = ALIGN (0x4)
                [!provide]                        PROVIDE (__fini_array_start = .)
 *(SORT_BY_NAME(.fini_array.*))
 *(.fini_array*)
 .fini_array    0x080022b4        0x4 D:/STM32CubeIDE_1.15.1/STM32CubeIDE/plugins/com.st.stm32cube.ide.mcu.externaltools.gnu-tools-for-stm32.12.3.rel1.win32_1.0.100.202403111256/tools/bin/../lib/gcc/arm-none-eabi/12.3.1/thumb/v7e-m/nofp/crtbegin.o
                [!provide]                        PROVIDE (__fini_array_end = .)
                0x080022b8                        . = ALIGN (0x4)
                0x080022b8                        _sidata = LOADADDR (.data)

.rel.dyn        0x080022b8        0x0
 .rel.iplt      0x080022b8        0x0 D:/STM32CubeIDE_1.15.1/STM32CubeIDE/plugins/com.st.stm32cube.ide.mcu.externaltools.gnu-tools-for-stm32.12.3.rel1.win32_1.0.100.202403111256/tools/bin/../lib/gcc/arm-none-eabi/12.3.1/thumb/v7e-m/nofp/crtbegin.o

.data           0x20000000       0x10 load address 0x080022b8
                0x20000000                        . = ALIGN (0x4)
                0x20000000                        _sdata = .
 *(.data)
 *(.data*)
 .data.frequency
                0x20000000        0x4 ./Src/main.o
                0x20000000                frequency
 .data.direction.5
                0x20000004        0x4 ./Src/main.o
 .data.dac_val.2
                0x20000008        0x4 ./Src/main.o
 .data.dac_val.0
                0x2000000c        0x4 ./Src/main.o
 *(.RamFunc)
 *(.RamFunc*)
                0x20000010                        . = ALIGN (0x4)
                0x20000010                        _edata = .

.igot.plt       0x20000010        0x0 load address 0x080022c8
 .igot.plt      0x20000010        0x0 D:/STM32CubeIDE_1.15.1/STM32CubeIDE/plugins/com.st.stm32cube.ide.mcu.externaltools.gnu-tools-for-stm32.12.3.rel1.win32_1.0.100.202403111256/tools/bin/../lib/gcc/arm-none-eabi/12.3.1/thumb/v7e-m/nofp/crtbegin.o
                0x20000010                        . = ALIGN (0x4)

.bss            0x20000010       0x3c load address 0x080022c8
                0x20000010                        _sbss = .
                0x20000010                        __bss_start__ = _sbss
 *(.bss)
 .bss           0x20000010       0x1c D:/STM32CubeIDE_1.15.1/STM32CubeIDE/plugins/com.st.stm32cube.ide.mcu.externaltools.gnu-tools-for-stm32.12.3.rel1.win32_1.0.100.202403111256/tools/bin/../lib/gcc/arm-none-eabi/12.3.1/thumb/v7e-m/nofp/crtbegin.o
 *(.bss*)
 .bss.waveform_index
                0x2000002c        0x4 ./Src/main.o
                0x2000002c                waveform_index
 .bss.analog    0x20000030        0x4 ./Src/main.o
                0x20000030                analog
 .bss.external_led_state
                0x20000034        0x4 ./Src/main.o
                0x20000034                external_led_state
 .bss.angle.7   0x20000038        0x4 ./Src/main.o
 .bss.state.6   0x2000003c        0x4 ./Src/main.o
 .bss.dac_val.4
                0x20000040        0x4 ./Src/main.o
 .bss.dac_val.3
                0x20000044        0x4 ./Src/main.o
 .bss.dac_val.1
                0x20000048        0x4 ./Src/main.o
 *(COMMON)
                0x2000004c                        . = ALIGN (0x4)
                0x2000004c                        _ebss = .
                0x2000004c                        __bss_end__ = _ebss

._user_heap_stack
                0x2000004c      0x604 load address 0x080022c8
                0x20000050                        . = ALIGN (0x8)
 *fill*         0x2000004c        0x4 
                [!provide]                        PROVIDE (end = .)
                0x20000050                        PROVIDE (_end = .)
                0x20000250                        . = (. + _Min_Heap_Size)
 *fill*         0x20000050      0x200 
                0x20000650                        . = (. + _Min_Stack_Size)
 *fill*         0x20000250      0x400 
                0x20000650                        . = ALIGN (0x8)

/DISCARD/
 libc.a(*)
 libm.a(*)
 libgcc.a(*)

.ARM.attributes
                0x00000000       0x2a
 *(.ARM.attributes)
 .ARM.attributes
                0x00000000       0x1e D:/STM32CubeIDE_1.15.1/STM32CubeIDE/plugins/com.st.stm32cube.ide.mcu.externaltools.gnu-tools-for-stm32.12.3.rel1.win32_1.0.100.202403111256/tools/bin/../lib/gcc/arm-none-eabi/12.3.1/thumb/v7e-m/nofp/crti.o
 .ARM.attributes
                0x0000001e       0x2e D:/STM32CubeIDE_1.15.1/STM32CubeIDE/plugins/com.st.stm32cube.ide.mcu.externaltools.gnu-tools-for-stm32.12.3.rel1.win32_1.0.100.202403111256/tools/bin/../lib/gcc/arm-none-eabi/12.3.1/thumb/v7e-m/nofp/crtbegin.o
 .ARM.attributes
                0x0000004c       0x2e ./Src/main.o
 .ARM.attributes
                0x0000007a       0x21 ./Startup/startup_stm32f446retx.o
 .ARM.attributes
                0x0000009b       0x2e D:/STM32CubeIDE_1.15.1/STM32CubeIDE/plugins/com.st.stm32cube.ide.mcu.externaltools.gnu-tools-for-stm32.12.3.rel1.win32_1.0.100.202403111256/tools/bin/../lib/gcc/arm-none-eabi/12.3.1/../../../../arm-none-eabi/lib/thumb/v7e-m/nofp\libc_nano.a(libc_a-init.o)
 .ARM.attributes
                0x000000c9       0x2e D:/STM32CubeIDE_1.15.1/STM32CubeIDE/plugins/com.st.stm32cube.ide.mcu.externaltools.gnu-tools-for-stm32.12.3.rel1.win32_1.0.100.202403111256/tools/bin/../lib/gcc/arm-none-eabi/12.3.1/../../../../arm-none-eabi/lib/thumb/v7e-m/nofp\libm.a(libm_a-s_sin.o)
 .ARM.attributes
                0x000000f7       0x2e D:/STM32CubeIDE_1.15.1/STM32CubeIDE/plugins/com.st.stm32cube.ide.mcu.externaltools.gnu-tools-for-stm32.12.3.rel1.win32_1.0.100.202403111256/tools/bin/../lib/gcc/arm-none-eabi/12.3.1/../../../../arm-none-eabi/lib/thumb/v7e-m/nofp\libm.a(libm_a-k_cos.o)
 .ARM.attributes
                0x00000125       0x2e D:/STM32CubeIDE_1.15.1/STM32CubeIDE/plugins/com.st.stm32cube.ide.mcu.externaltools.gnu-tools-for-stm32.12.3.rel1.win32_1.0.100.202403111256/tools/bin/../lib/gcc/arm-none-eabi/12.3.1/../../../../arm-none-eabi/lib/thumb/v7e-m/nofp\libm.a(libm_a-k_sin.o)
 .ARM.attributes
                0x00000153       0x2e D:/STM32CubeIDE_1.15.1/STM32CubeIDE/plugins/com.st.stm32cube.ide.mcu.externaltools.gnu-tools-for-stm32.12.3.rel1.win32_1.0.100.202403111256/tools/bin/../lib/gcc/arm-none-eabi/12.3.1/../../../../arm-none-eabi/lib/thumb/v7e-m/nofp\libm.a(libm_a-e_rem_pio2.o)
 .ARM.attributes
                0x00000181       0x2e D:/STM32CubeIDE_1.15.1/STM32CubeIDE/plugins/com.st.stm32cube.ide.mcu.externaltools.gnu-tools-for-stm32.12.3.rel1.win32_1.0.100.202403111256/tools/bin/../lib/gcc/arm-none-eabi/12.3.1/../../../../arm-none-eabi/lib/thumb/v7e-m/nofp\libm.a(libm_a-s_fabs.o)
 .ARM.attributes
                0x000001af       0x2e D:/STM32CubeIDE_1.15.1/STM32CubeIDE/plugins/com.st.stm32cube.ide.mcu.externaltools.gnu-tools-for-stm32.12.3.rel1.win32_1.0.100.202403111256/tools/bin/../lib/gcc/arm-none-eabi/12.3.1/../../../../arm-none-eabi/lib/thumb/v7e-m/nofp\libm.a(libm_a-k_rem_pio2.o)
 .ARM.attributes
                0x000001dd       0x2e D:/STM32CubeIDE_1.15.1/STM32CubeIDE/plugins/com.st.stm32cube.ide.mcu.externaltools.gnu-tools-for-stm32.12.3.rel1.win32_1.0.100.202403111256/tools/bin/../lib/gcc/arm-none-eabi/12.3.1/../../../../arm-none-eabi/lib/thumb/v7e-m/nofp\libm.a(libm_a-s_scalbn.o)
 .ARM.attributes
                0x0000020b       0x2e D:/STM32CubeIDE_1.15.1/STM32CubeIDE/plugins/com.st.stm32cube.ide.mcu.externaltools.gnu-tools-for-stm32.12.3.rel1.win32_1.0.100.202403111256/tools/bin/../lib/gcc/arm-none-eabi/12.3.1/../../../../arm-none-eabi/lib/thumb/v7e-m/nofp\libm.a(libm_a-s_floor.o)
 .ARM.attributes
                0x00000239       0x1e D:/STM32CubeIDE_1.15.1/STM32CubeIDE/plugins/com.st.stm32cube.ide.mcu.externaltools.gnu-tools-for-stm32.12.3.rel1.win32_1.0.100.202403111256/tools/bin/../lib/gcc/arm-none-eabi/12.3.1/thumb/v7e-m/nofp\libgcc.a(_arm_muldf3.o)
 .ARM.attributes
                0x00000257       0x1e D:/STM32CubeIDE_1.15.1/STM32CubeIDE/plugins/com.st.stm32cube.ide.mcu.externaltools.gnu-tools-for-stm32.12.3.rel1.win32_1.0.100.202403111256/tools/bin/../lib/gcc/arm-none-eabi/12.3.1/thumb/v7e-m/nofp\libgcc.a(_arm_addsubdf3.o)
 .ARM.attributes
                0x00000275       0x1e D:/STM32CubeIDE_1.15.1/STM32CubeIDE/plugins/com.st.stm32cube.ide.mcu.externaltools.gnu-tools-for-stm32.12.3.rel1.win32_1.0.100.202403111256/tools/bin/../lib/gcc/arm-none-eabi/12.3.1/thumb/v7e-m/nofp\libgcc.a(_arm_cmpdf2.o)
 .ARM.attributes
                0x00000293       0x1e D:/STM32CubeIDE_1.15.1/STM32CubeIDE/plugins/com.st.stm32cube.ide.mcu.externaltools.gnu-tools-for-stm32.12.3.rel1.win32_1.0.100.202403111256/tools/bin/../lib/gcc/arm-none-eabi/12.3.1/thumb/v7e-m/nofp\libgcc.a(_arm_fixdfsi.o)
 .ARM.attributes
                0x000002b1       0x1e D:/STM32CubeIDE_1.15.1/STM32CubeIDE/plugins/com.st.stm32cube.ide.mcu.externaltools.gnu-tools-for-stm32.12.3.rel1.win32_1.0.100.202403111256/tools/bin/../lib/gcc/arm-none-eabi/12.3.1/thumb/v7e-m/nofp\libgcc.a(_arm_fixunsdfsi.o)
 .ARM.attributes
                0x000002cf       0x1e D:/STM32CubeIDE_1.15.1/STM32CubeIDE/plugins/com.st.stm32cube.ide.mcu.externaltools.gnu-tools-for-stm32.12.3.rel1.win32_1.0.100.202403111256/tools/bin/../lib/gcc/arm-none-eabi/12.3.1/thumb/v7e-m/nofp\libgcc.a(_arm_truncdfsf2.o)
 .ARM.attributes
                0x000002ed       0x1e D:/STM32CubeIDE_1.15.1/STM32CubeIDE/plugins/com.st.stm32cube.ide.mcu.externaltools.gnu-tools-for-stm32.12.3.rel1.win32_1.0.100.202403111256/tools/bin/../lib/gcc/arm-none-eabi/12.3.1/thumb/v7e-m/nofp/crtn.o
OUTPUT(codecop.elf elf32-littlearm)
LOAD linker stubs
LOAD D:/STM32CubeIDE_1.15.1/STM32CubeIDE/plugins/com.st.stm32cube.ide.mcu.externaltools.gnu-tools-for-stm32.12.3.rel1.win32_1.0.100.202403111256/tools/bin/../lib/gcc/arm-none-eabi/12.3.1/../../../../arm-none-eabi/lib/thumb/v7e-m/nofp\libc.a
LOAD D:/STM32CubeIDE_1.15.1/STM32CubeIDE/plugins/com.st.stm32cube.ide.mcu.externaltools.gnu-tools-for-stm32.12.3.rel1.win32_1.0.100.202403111256/tools/bin/../lib/gcc/arm-none-eabi/12.3.1/../../../../arm-none-eabi/lib/thumb/v7e-m/nofp\libm.a
LOAD D:/STM32CubeIDE_1.15.1/STM32CubeIDE/plugins/com.st.stm32cube.ide.mcu.externaltools.gnu-tools-for-stm32.12.3.rel1.win32_1.0.100.202403111256/tools/bin/../lib/gcc/arm-none-eabi/12.3.1/thumb/v7e-m/nofp\libgcc.a

.debug_info     0x00000000      0xb54
 .debug_info    0x00000000      0xb24 ./Src/main.o
 .debug_info    0x00000b24       0x30 ./Startup/startup_stm32f446retx.o

.debug_abbrev   0x00000000      0x248
 .debug_abbrev  0x00000000      0x224 ./Src/main.o
 .debug_abbrev  0x00000224       0x24 ./Startup/startup_stm32f446retx.o

.debug_aranges  0x00000000       0xb8
 .debug_aranges
                0x00000000       0x90 ./Src/main.o
 .debug_aranges
                0x00000090       0x28 ./Startup/startup_stm32f446retx.o

.debug_rnglists
                0x00000000       0x83
 .debug_rnglists
                0x00000000       0x6a ./Src/main.o
 .debug_rnglists
                0x0000006a       0x19 ./Startup/startup_stm32f446retx.o

.debug_macro    0x00000000     0xc48b
 .debug_macro   0x00000000      0x16f ./Src/main.o
 .debug_macro   0x0000016f      0xab4 ./Src/main.o
 .debug_macro   0x00000c23       0x22 ./Src/main.o
 .debug_macro   0x00000c45       0x8e ./Src/main.o
 .debug_macro   0x00000cd3       0x51 ./Src/main.o
 .debug_macro   0x00000d24      0x103 ./Src/main.o
 .debug_macro   0x00000e27       0x6a ./Src/main.o
 .debug_macro   0x00000e91      0x1df ./Src/main.o
 .debug_macro   0x00001070       0x28 ./Src/main.o
 .debug_macro   0x00001098       0x1c ./Src/main.o
 .debug_macro   0x000010b4       0x22 ./Src/main.o
 .debug_macro   0x000010d6      0x107 ./Src/main.o
 .debug_macro   0x000011dd     0x1057 ./Src/main.o
 .debug_macro   0x00002234      0x11f ./Src/main.o
 .debug_macro   0x00002353     0x9699 ./Src/main.o
 .debug_macro   0x0000b9ec       0x61 ./Src/main.o
 .debug_macro   0x0000ba4d       0x24 ./Src/main.o
 .debug_macro   0x0000ba71       0x43 ./Src/main.o
 .debug_macro   0x0000bab4       0x34 ./Src/main.o
 .debug_macro   0x0000bae8      0x189 ./Src/main.o
 .debug_macro   0x0000bc71       0x16 ./Src/main.o
 .debug_macro   0x0000bc87       0x43 ./Src/main.o
 .debug_macro   0x0000bcca       0x34 ./Src/main.o
 .debug_macro   0x0000bcfe       0x10 ./Src/main.o
 .debug_macro   0x0000bd0e       0x58 ./Src/main.o
 .debug_macro   0x0000bd66       0x8e ./Src/main.o
 .debug_macro   0x0000bdf4       0x1c ./Src/main.o
 .debug_macro   0x0000be10      0x177 ./Src/main.o
 .debug_macro   0x0000bf87      0x369 ./Src/main.o
 .debug_macro   0x0000c2f0      0x19b ./Src/main.o

.debug_line     0x00000000      0xa05
 .debug_line    0x00000000      0x98a ./Src/main.o
 .debug_line    0x0000098a       0x7b ./Startup/startup_stm32f446retx.o

.debug_str      0x00000000    0x459bc
 .debug_str     0x00000000    0x4597d ./Src/main.o
                              0x45be2 (size before relaxing)
 .debug_str     0x0004597d       0x3f ./Startup/startup_stm32f446retx.o
                                 0x50 (size before relaxing)

.comment        0x00000000       0x43
 .comment       0x00000000       0x43 ./Src/main.o
                                 0x44 (size before relaxing)

.debug_frame    0x00000000      0x5ec
 .debug_frame   0x00000000      0x200 ./Src/main.o
 .debug_frame   0x00000200       0x2c D:/STM32CubeIDE_1.15.1/STM32CubeIDE/plugins/com.st.stm32cube.ide.mcu.externaltools.gnu-tools-for-stm32.12.3.rel1.win32_1.0.100.202403111256/tools/bin/../lib/gcc/arm-none-eabi/12.3.1/../../../../arm-none-eabi/lib/thumb/v7e-m/nofp\libc_nano.a(libc_a-init.o)
 .debug_frame   0x0000022c       0x34 D:/STM32CubeIDE_1.15.1/STM32CubeIDE/plugins/com.st.stm32cube.ide.mcu.externaltools.gnu-tools-for-stm32.12.3.rel1.win32_1.0.100.202403111256/tools/bin/../lib/gcc/arm-none-eabi/12.3.1/../../../../arm-none-eabi/lib/thumb/v7e-m/nofp\libm.a(libm_a-s_sin.o)
 .debug_frame   0x00000260       0x3c D:/STM32CubeIDE_1.15.1/STM32CubeIDE/plugins/com.st.stm32cube.ide.mcu.externaltools.gnu-tools-for-stm32.12.3.rel1.win32_1.0.100.202403111256/tools/bin/../lib/gcc/arm-none-eabi/12.3.1/../../../../arm-none-eabi/lib/thumb/v7e-m/nofp\libm.a(libm_a-k_cos.o)
 .debug_frame   0x0000029c       0x40 D:/STM32CubeIDE_1.15.1/STM32CubeIDE/plugins/com.st.stm32cube.ide.mcu.externaltools.gnu-tools-for-stm32.12.3.rel1.win32_1.0.100.202403111256/tools/bin/../lib/gcc/arm-none-eabi/12.3.1/../../../../arm-none-eabi/lib/thumb/v7e-m/nofp\libm.a(libm_a-k_sin.o)
 .debug_frame   0x000002dc       0x40 D:/STM32CubeIDE_1.15.1/STM32CubeIDE/plugins/com.st.stm32cube.ide.mcu.externaltools.gnu-tools-for-stm32.12.3.rel1.win32_1.0.100.202403111256/tools/bin/../lib/gcc/arm-none-eabi/12.3.1/../../../../arm-none-eabi/lib/thumb/v7e-m/nofp\libm.a(libm_a-e_rem_pio2.o)
 .debug_frame   0x0000031c       0x20 D:/STM32CubeIDE_1.15.1/STM32CubeIDE/plugins/com.st.stm32cube.ide.mcu.externaltools.gnu-tools-for-stm32.12.3.rel1.win32_1.0.100.202403111256/tools/bin/../lib/gcc/arm-none-eabi/12.3.1/../../../../arm-none-eabi/lib/thumb/v7e-m/nofp\libm.a(libm_a-s_fabs.o)
 .debug_frame   0x0000033c       0x44 D:/STM32CubeIDE_1.15.1/STM32CubeIDE/plugins/com.st.stm32cube.ide.mcu.externaltools.gnu-tools-for-stm32.12.3.rel1.win32_1.0.100.202403111256/tools/bin/../lib/gcc/arm-none-eabi/12.3.1/../../../../arm-none-eabi/lib/thumb/v7e-m/nofp\libm.a(libm_a-k_rem_pio2.o)
 .debug_frame   0x00000380       0x30 D:/STM32CubeIDE_1.15.1/STM32CubeIDE/plugins/com.st.stm32cube.ide.mcu.externaltools.gnu-tools-for-stm32.12.3.rel1.win32_1.0.100.202403111256/tools/bin/../lib/gcc/arm-none-eabi/12.3.1/../../../../arm-none-eabi/lib/thumb/v7e-m/nofp\libm.a(libm_a-s_scalbn.o)
 .debug_frame   0x000003b0       0x30 D:/STM32CubeIDE_1.15.1/STM32CubeIDE/plugins/com.st.stm32cube.ide.mcu.externaltools.gnu-tools-for-stm32.12.3.rel1.win32_1.0.100.202403111256/tools/bin/../lib/gcc/arm-none-eabi/12.3.1/../../../../arm-none-eabi/lib/thumb/v7e-m/nofp\libm.a(libm_a-s_floor.o)
 .debug_frame   0x000003e0       0x30 D:/STM32CubeIDE_1.15.1/STM32CubeIDE/plugins/com.st.stm32cube.ide.mcu.externaltools.gnu-tools-for-stm32.12.3.rel1.win32_1.0.100.202403111256/tools/bin/../lib/gcc/arm-none-eabi/12.3.1/thumb/v7e-m/nofp\libgcc.a(_arm_muldf3.o)
 .debug_frame   0x00000410       0xac D:/STM32CubeIDE_1.15.1/STM32CubeIDE/plugins/com.st.stm32cube.ide.mcu.externaltools.gnu-tools-for-stm32.12.3.rel1.win32_1.0.100.202403111256/tools/bin/../lib/gcc/arm-none-eabi/12.3.1/thumb/v7e-m/nofp\libgcc.a(_arm_addsubdf3.o)
 .debug_frame   0x000004bc       0xc4 D:/STM32CubeIDE_1.15.1/STM32CubeIDE/plugins/com.st.stm32cube.ide.mcu.externaltools.gnu-tools-for-stm32.12.3.rel1.win32_1.0.100.202403111256/tools/bin/../lib/gcc/arm-none-eabi/12.3.1/thumb/v7e-m/nofp\libgcc.a(_arm_cmpdf2.o)
 .debug_frame   0x00000580       0x24 D:/STM32CubeIDE_1.15.1/STM32CubeIDE/plugins/com.st.stm32cube.ide.mcu.externaltools.gnu-tools-for-stm32.12.3.rel1.win32_1.0.100.202403111256/tools/bin/../lib/gcc/arm-none-eabi/12.3.1/thumb/v7e-m/nofp\libgcc.a(_arm_fixdfsi.o)
 .debug_frame   0x000005a4       0x24 D:/STM32CubeIDE_1.15.1/STM32CubeIDE/plugins/com.st.stm32cube.ide.mcu.externaltools.gnu-tools-for-stm32.12.3.rel1.win32_1.0.100.202403111256/tools/bin/../lib/gcc/arm-none-eabi/12.3.1/thumb/v7e-m/nofp\libgcc.a(_arm_fixunsdfsi.o)
 .debug_frame   0x000005c8       0x24 D:/STM32CubeIDE_1.15.1/STM32CubeIDE/plugins/com.st.stm32cube.ide.mcu.externaltools.gnu-tools-for-stm32.12.3.rel1.win32_1.0.100.202403111256/tools/bin/../lib/gcc/arm-none-eabi/12.3.1/thumb/v7e-m/nofp\libgcc.a(_arm_truncdfsf2.o)

.debug_line_str
                0x00000000       0x34
 .debug_line_str
                0x00000000       0x34 ./Startup/startup_stm32f446retx.o
